TypeError: result.toDataStreamResponse is not a function
    at POST (webpack-internal:///(rsc)/./src/app/api/chat/route.ts:108:23)
    at process.processTicksAndRejections (node:internal/process/task_queues:103:5)
    at async AppRouteRouteModule.do (/Users/jan/Developer/scandrop/web/node_modules/.pnpm/next@15.5.12_@opentelemetry+api@1.9.0_react-dom@19.2.4_react@19.2.4__react@19.2.4/node_modules/next/dist/compiled/next-server/app-route.runtime.dev.js:5:38696)
    at async AppRouteRouteModule.handle (/Users/jan/Developer/scandrop/web/node_modules/.pnpm/next@15.5.12_@opentelemetry+api@1.9.0_react-dom@19.2.4_react@19.2.4__react@19.2.4/node_modules/next/dist/compiled/next-server/app-route.runtime.dev.js:5:45978)
    at async responseGenerator (webpack-internal:///(rsc)/./node_modules/.pnpm/next@15.5.12_@opentelemetry+api@1.9.0_react-dom@19.2.4_react@19.2.4__react@19.2.4/node_modules/next/dist/build/webpack/loaders/next-app-loader/index.js?name=app%2Fapi%2Fchat%2Froute&page=%2Fapi%2Fchat%2Froute&appPaths=&pagePath=private-next-app-dir%2Fapi%2Fchat%2Froute.ts&appDir=%2FUsers%2Fjan%2FDeveloper%2Fscandrop%2Fweb%2Fsrc%2Fapp&pageExtensions=tsx&pageExtensions=ts&pageExtensions=jsx&pageExtensions=js&rootDir=%2FUsers%2Fjan%2FDeveloper%2Fscandrop%2Fweb&isDev=true&tsconfigPath=tsconfig.json&basePath=&assetPrefix=&nextConfigOutput=&preferredRegion=&middlewareConfig=e30%3D&isGlobalNotFoundEnabled=!:203:38)
    at async AppRouteRouteModule.handleResponse (/Users/jan/Developer/scandrop/web/node_modules/.pnpm/next@15.5.12_@opentelemetry+api@1.9.0_react-dom@19.2.4_react@19.2.4__react@19.2.4/node_modules/next/dist/compiled/next-server/app-route.runtime.dev.js:1:195179)
    at async handleResponse (webpack-internal:///(rsc)/./node_modules/.pnpm/next@15.5.12_@opentelemetry+api@1.9.0_react-dom@19.2.4_react@19.2.4__react@19.2.4/node_modules/next/dist/build/webpack/loaders/next-app-loader/index.js?name=app%2Fapi%2Fchat%2Froute&page=%2Fapi%2Fchat%2Froute&appPaths=&pagePath=private-next-app-dir%2Fapi%2Fchat%2Froute.ts&appDir=%2FUsers%2Fjan%2FDeveloper%2Fscandrop%2Fweb%2Fsrc%2Fapp&pageExtensions=tsx&pageExtensions=ts&pageExtensions=jsx&pageExtensions=js&rootDir=%2FUsers%2Fjan%2FDeveloper%2Fscandrop%2Fweb&isDev=true&tsconfigPath=tsconfig.json&basePath=&assetPrefix=&nextConfigOutput=&preferredRegion=&middlewareConfig=e30%3D&isGlobalNotFoundEnabled=!:265:32)
    at async handler (webpack-internal:///(rsc)/./node_modules/.pnpm/next@15.5.12_@opentelemetry+api@1.9.0_react-dom@19.2.4_react@19.2.4__react@19.2.4/node_modules/next/dist/build/webpack/loaders/next-app-loader/index.js?name=app%2Fapi%2Fchat%2Froute&page=%2Fapi%2Fchat%2Froute&appPaths=&pagePath=private-next-app-dir%2Fapi%2Fchat%2Froute.ts&appDir=%2FUsers%2Fjan%2FDeveloper%2Fscandrop%2Fweb%2Fsrc%2Fapp&pageExtensions=tsx&pageExtensions=ts&pageExtensions=jsx&pageExtensions=js&rootDir=%2FUsers%2Fjan%2FDeveloper%2Fscandrop%2Fweb&isDev=true&tsconfigPath=tsconfig.json&basePath=&assetPrefix=&nextConfigOutput=&preferredRegion=&middlewareConfig=e30%3D&isGlobalNotFoundEnabled=!:317:13)
    at async DevServer.renderToResponseWithComponentsImpl (/Users/jan/Developer/scandrop/web/node_modules/.pnpm/next@15.5.12_@opentelemetry+api@1.9.0_react-dom@19.2.4_react@19.2.4__react@19.2.4/node_modules/next/dist/server/base-server.js:1422:9)
    at async DevServer.renderPageComponent (/Users/jan/Developer/scandrop/web/node_modules/.pnpm/next@15.5.12_@opentelemetry+api@1.9.0_react-dom@19.2.4_react@19.2.4__react@19.2.4/node_modules/next/dist/server/base-server.js:1474:24)
    at async DevServer.renderToResponseImpl (/Users/jan/Developer/scandrop/web/node_modules/.pnpm/next@15.5.12_@opentelemetry+api@1.9.0_react-dom@19.2.4_react@19.2.4__react@19.2.4/node_modules/next/dist/server/base-server.js:1514:32)
    at async DevServer.pipeImpl (/Users/jan/Developer/scandrop/web/node_modules/.pnpm/next@15.5.12_@opentelemetry+api@1.9.0_react-dom@19.2.4_react@19.2.4__react@19.2.4/node_modules/next/dist/server/base-server.js:1025:25)
    at async NextNodeServer.handleCatchallRenderRequest (/Users/jan/Developer/scandrop/web/node_modules/.pnpm/next@15.5.12_@opentelemetry+api@1.9.0_react-dom@19.2.4_react@19.2.4__react@19.2.4/node_modules/next/dist/server/next-server.js:393:17)
    at async DevServer.handleRequestImpl (/Users/jan/Developer/scandrop/web/node_modules/.pnpm/next@15.5.12_@opentelemetry+api@1.9.0_react-dom@19.2.4_react@19.2.4__react@19.2.4/node_modules/next/dist/server/base-server.js:916:17)
    at async /Users/jan/Developer/scandrop/web/node_modules/.pnpm/next@15.5.12_@opentelemetry+api@1.9.0_react-dom@19.2.4_react@19.2.4__react@19.2.4/node_modules/next/dist/server/dev/next-dev-server.js:400:20
    at async Span.traceAsyncFn (/Users/jan/Developer/scandrop/web/node_modules/.pnpm/next@15.5.12_@opentelemetry+api@1.9.0_react-dom@19.2.4_react@19.2.4__react@19.2.4/node_modules/next/dist/trace/trace.js:157:20)
    at async DevServer.handleRequest (/Users/jan/Developer/scandrop/web/node_modules/.pnpm/next@15.5.12_@opentelemetry+api@1.9.0_react-dom@19.2.4_react@19.2.4__react@19.2.4/node_modules/next/dist/server/dev/next-dev-server.js:396:24)
    at async invokeRender (/Users/jan/Developer/scandrop/web/node_modules/.pnpm/next@15.5.12_@opentelemetry+api@1.9.0_react-dom@19.2.4_react@19.2.4__react@19.2.4/node_modules/next/dist/server/lib/router-server.js:240:21)
    at async handleRequest (/Users/jan/Developer/scandrop/web/node_modules/.pnpm/next@15.5.12_@opentelemetry+api@1.9.0_react-dom@19.2.4_react@19.2.4__react@19.2.4/node_modules/next/dist/server/lib/router-server.js:437:24)
    at async requestHandlerImpl (/Users/jan/Developer/scandrop/web/node_modules/.pnpm/next@15.5.12_@opentelemetry+api@1.9.0_react-dom@19.2.4_react@19.2.4__react@19.2.4/node_modules/next/dist/server/lib/router-server.js:485:13)
    at async Server.requestListener (/Users/jan/Developer/scandrop/web/node_modules/.pnpm/next@15.5.12_@opentelemetry+api@1.9.0_react-dom@19.2.4_react@19.2.4__react@19.2.4/node_modules/next/dist/server/lib/start-server.js:226:13)